https://stackoverflow.com/questions/53347759/importerror-libcblas-so-3-cannot-open-shared-object-file-no-such-file-or-dire
https://raspberrypi.stackexchange.com/questions/80072/how-can-i-use-an-external-usb-sound-card-and-set-it-as-default
